// Jest Snapshot v1, https://goo.gl/fbAQLP

exports[`Background renders correctly`] = `
  <div className="FirstLayer">
    <div className="SecondLayer" />
  </div>
`;